10
0 0 1 2 4 5 6 10 16
1 3 7 8 40 42
2 9 11 12 22
3 13 14 20 29
4 15 17 27 47
5 18 19 21 50
6 23 24 25 52
7 26 28 32 35 55
8 30 31 70
9 33 34 37 76 81
